// Jest Snapshot v1, https://goo.gl/fbAQLP

exports[`SimpleBanner (Snapshot) SimpleBanner renders hello world 1`] = `
.c0 {
  border: 2px solid rgb(42,125,153);
  margin: 10px;
  padding: 0px 10px;
  background-color: rgb(236,236,236);
  display: inline-block;
}

.c1 {
  color: rgb(42,125,153);
  font-size: 1.5em;
}

<div
  className="simple-banner c0"
>
  <span
    className="c1"
  >
    Hello 
  </span>
   
  world
</div>
`;
