// Jest Snapshot v1, https://goo.gl/fbAQLP

exports[`Root (Snapshot) Root renders without crashing 1`] = `
<div
  className="application-container"
>
  <div>
    <ul
      className="react-component nav-bar sc-bdVaJa emdOWp"
    >
      <li
        className="sc-bwzfXH dHYqlz"
      >
        <a
          aria-current={false}
          className={undefined}
          href="/"
          onClick={[Function]}
          style={undefined}
        >
          View 1
        </a>
      </li>
      <li
        className="sc-bwzfXH dHYqlz"
      >
        <a
          aria-current={false}
          className={undefined}
          href="/view2"
          onClick={[Function]}
          style={undefined}
        >
          View 2
        </a>
      </li>
    </ul>
  </div>
  <div />
</div>
`;
