// Jest Snapshot v1, https://goo.gl/fbAQLP

exports[`SimpleButton (Snapshot) SimpleButton renders without crashing 1`] = `
<div
  className="sc-bdVaJa fWWTZR"
>
  <button
    className="button sc-bwzfXH dCBSOv"
    onClick={undefined}
  >
    click me
  </button>
  <button
    className="button sc-bwzfXH gEKdTN"
    onClick={undefined}
  >
    click me
  </button>
  <div>
    <p>
      this a para
    </p>
  </div>
  <p>
    another 
  </p>
</div>
`;
